mode: set
cleutonsampaio.com/golangdemo1/internal/formaspagamento.go:14.143,16.2 1 1
cleutonsampaio.com/golangdemo1/internal/formaspagamento.go:18.130,19.22 1 1
cleutonsampaio.com/golangdemo1/internal/formaspagamento.go:19.22,20.61 1 1
cleutonsampaio.com/golangdemo1/internal/formaspagamento.go:22.2,22.21 1 1
cleutonsampaio.com/golangdemo1/internal/formaspagamento.go:22.21,23.63 1 1
cleutonsampaio.com/golangdemo1/internal/formaspagamento.go:25.2,25.32 1 1
cleutonsampaio.com/golangdemo1/internal/formaspagamento.go:25.32,26.79 1 1
cleutonsampaio.com/golangdemo1/internal/formaspagamento.go:29.2,32.55 3 1
cleutonsampaio.com/golangdemo1/internal/formaspagamento.go:32.55,34.3 1 1
cleutonsampaio.com/golangdemo1/internal/formaspagamento.go:35.2,37.51 2 1
cleutonsampaio.com/golangdemo1/internal/formaspagamento.go:37.51,39.3 1 1
cleutonsampaio.com/golangdemo1/internal/formaspagamento.go:41.2,48.60 6 1
cleutonsampaio.com/golangdemo1/internal/formaspagamento.go:48.60,49.39 1 1
cleutonsampaio.com/golangdemo1/internal/formaspagamento.go:49.39,51.26 2 1
cleutonsampaio.com/golangdemo1/internal/formaspagamento.go:51.26,54.72 2 1
cleutonsampaio.com/golangdemo1/internal/formaspagamento.go:54.72,56.6 1 1
cleutonsampaio.com/golangdemo1/internal/formaspagamento.go:58.9,58.46 1 1
cleutonsampaio.com/golangdemo1/internal/formaspagamento.go:58.46,60.4 1 1
cleutonsampaio.com/golangdemo1/internal/formaspagamento.go:63.2,63.24 1 1
cleutonsampaio.com/golangdemo1/internal/formaspagamento.go:66.90,68.29 2 1
cleutonsampaio.com/golangdemo1/internal/formaspagamento.go:68.29,70.3 1 1
cleutonsampaio.com/golangdemo1/internal/formaspagamento.go:71.2,71.14 1 1
cleutonsampaio.com/golangdemo1/internal/formaspagamento.go:74.80,79.40 4 1
cleutonsampaio.com/golangdemo1/internal/formaspagamento.go:79.40,81.3 1 1
cleutonsampaio.com/golangdemo1/internal/formaspagamento.go:82.2,83.18 2 1
cleutonsampaio.com/golangdemo1/internal/formaspagamento.go:86.87,88.44 2 1
cleutonsampaio.com/golangdemo1/internal/formaspagamento.go:88.44,89.30 1 1
cleutonsampaio.com/golangdemo1/internal/formaspagamento.go:89.30,91.9 2 1
cleutonsampaio.com/golangdemo1/internal/formaspagamento.go:94.2,94.14 1 1
cleutonsampaio.com/golangdemo1/internal/services.go:29.65,32.2 1 0
cleutonsampaio.com/golangdemo1/internal/services.go:36.81,39.2 1 0
